Microchip MPLAB XC8 Compiler V2.36

Linker command line:

-W-3 --edf=C:\Program Files\Microchip\xc8\v2.36\pic\dat\en_msgs.txt -cn \
  -h+dist/default/production\SEIC_teste.X.production.sym \
  --cmf=dist/default/production\SEIC_teste.X.production.cmf -z -Q18F26K40 \
  -oC:\Users\gedia\AppData\Local\Temp\xcAsd8c.4 --defsym=__MPLAB_BUILD=1 \
  -Mdist/default/production/SEIC_teste.X.production.map \
  --md=C:\Users\gedia\AppData\Local\Temp\xcAsd8c.dat -E1 -ver=XC8 Compiler \
  --acfsm=1493 -ACODE=00h-0FFFFh -ACONST=00h-0FFFFh \
  -ASMALLCONST=0F00h-0FFFhx241 -AMEDIUMCONST=0F00h-0FFFFh -ACOMRAM=01h-05Fh \
  -AABS1=00h-0E87h -ABIGRAM=01h-0E87h \
  -ARAM=060h-0FFh,0100h-01FFhx13,0E00h-0E87h -ABANK0=060h-0FFh \
  -ABANK1=0100h-01FFh -ABANK2=0200h-02FFh -ABANK3=0300h-03FFh \
  -ABANK4=0400h-04FFh -ABANK5=0500h-05FFh -ABANK6=0600h-06FFh \
  -ABANK7=0700h-07FFh -ABANK8=0800h-08FFh -ABANK9=0900h-09FFh \
  -ABANK10=0A00h-0AFFh -ABANK11=0B00h-0BFFh -ABANK12=0C00h-0CFFh \
  -ABANK13=0D00h-0DFFh -ABANK14=0E00h-0E87h \
  -ASFR=0E8Dh-0EFFh,0F00h-0F5Fh,0F60h-0FFFh -ABIGSFR=0E8Dh-0FFFh \
  -ACONFIG=0300000h-030000Bh -AIDLOC=0200000h-020000Fh \
  -AEEDATA=0310000h-03103FFh -peeprom_data=EEDATA \
  -preset_vec=00h,intcode=08h,intcodelo,powerup,init -pramtop=0F00h \
  -psmallconst=SMALLCONST -pmediumconst=MEDIUMCONST -pconst=CONST \
  -AFARRAM=00h-00h \
  -prdata=COMRAM,nvrram=COMRAM,nvbit=COMRAM,rbss=COMRAM,rbit=COMRAM \
  -pfarbss=FARRAM,fardata=FARRAM,nvFARRAM=FARRAM \
  -pintsave_regs=BIGRAM,bigbss=BIGRAM,bigdata=BIGRAM -pbss=RAM \
  -pidata=CODE,irdata=CODE,ibigdata=CODE,ifardata=CODE -prparam=COMRAM \
  C:\Users\gedia\AppData\Local\Temp\xcAsd8c.o \
  dist/default/production\SEIC_teste.X.production.o \
  build/default/production/powerup.o 

Object code version is 3.11

Machine type is 18F26K40



                Name                               Link     Load   Length Selector   Space Scale
C:\Users\gedia\AppData\Local\Temp\xcAsd8c.o
                idloc                            200000   200000       10        0       5
                config                           300000   300000        C        0       4
                init                                 6A       6A        4        4       0
                reset_vec                             0        0        4        0       0
dist/default/production\SEIC_teste.X.production.o
                intcode                               8        8       5C        4       0
                idloc                            200000   200000       10        0       5
                config                           300000   300000        C        0       4
                temp                                 4D       4D        1        1       1
                smallconst                          F00      F00       14      780       0
                text46                             1E4E     1E4E        2      78A       0
                text45                             1BF0     1BF0       30      78A       0
                text44                             1D7E     1D7E       16      78A       0
                text43                             1A2C     1A2C       5C      78A       0
                text42                             180A     180A       78      78A       0
                text41                             1E36     1E36        A      78A       0
                text40                             1E4C     1E4C        2      78A       0
                text39                             1C7C     1C7C       2C      78A       0
                text38                             1DD0     1DD0       12      78A       0
                text36                             19D0     19D0       5C      78A       0
                text35                             1792     1792       78      78A       0
                text34                             1CA8     1CA8       2A      78A       0
                text33                             1D68     1D68       16      78A       0
                text32                             1E40     1E40        8      78A       0
                text31                             1DBC     1DBC       14      78A       0
                text30                             1DA8     1DA8       14      78A       0
                text29                             1DEE     1DEE        C      78A       0
                text28                             18F8     18F8       74      78A       0
                text27                             196C     196C       64      78A       0
                text26                             1D24     1D24       18      78A       0
                text25                             1E2C     1E2C        A      78A       0
                text24                             1462     1462      186      78A       0
                text23                             1B30     1B30       48      78A       0
                text22                             1AE0     1AE0       50      78A       0
                text21                             1DE2     1DE2        C      78A       0
                text20                             1E22     1E22        A      78A       0
                text19                             1E18     1E18        A      78A       0
                text18                             1E0E     1E0E        A      78A       0
                text17                             1B78     1B78       3E      78A       0
                text16                             1E48     1E48        4      78A       0
                text15                             1D0C     1D0C       18      78A       0
                text14                             1E04     1E04        A      78A       0
                text13                             1882     1882       76      78A       0
                text12                             1CF0     1CF0       1C      78A       0
                text11                             1D52     1D52       16      78A       0
                text10                             1D3C     1D3C       16      78A       0
                text9                              1DFA     1DFA        A      78A       0
                text8                              1BB6     1BB6       3A      78A       0
                text7                              1CD2     1CD2       1E      78A       0
                text6                              1C4E     1C4E       2E      78A       0
                text5                              1C20     1C20       2E      78A       0
                text4                               F14      F14      39A      78A       0
                text3                              15E8     15E8      106      78A       0
                text2                              12AE     12AE      1B4      78A       0
                text1                              16EE     16EE       A4      78A       0
                text0                              1A88     1A88       58      78A       0
                cstackCOMRAM                          1        1       3B        1       1
                bssCOMRAM                            48       48        5        1       1
                cinit                              1D94     1D94       14      78A       0
                nvCOMRAM                             3C       3C        C        1       1
build/default/production/powerup.o
                powerup                              64       64        6        4       0

TOTAL           Name                               Link     Load   Length     Space
        CLASS   CODE           
                intcode                               8        8       5C         0
                init                                 6A       6A        4         0
                powerup                              64       64        6         0
                reset_vec                             0        0        4         0
                text46                             1E4E     1E4E        2         0
                text45                             1BF0     1BF0       30         0
                text44                             1D7E     1D7E       16         0
                text43                             1A2C     1A2C       5C         0
                text42                             180A     180A       78         0
                text41                             1E36     1E36        A         0
                text40                             1E4C     1E4C        2         0
                text39                             1C7C     1C7C       2C         0
                text38                             1DD0     1DD0       12         0
                text36                             19D0     19D0       5C         0
                text35                             1792     1792       78         0
                text34                             1CA8     1CA8       2A         0
                text33                             1D68     1D68       16         0
                text32                             1E40     1E40        8         0
                text31                             1DBC     1DBC       14         0
                text30                             1DA8     1DA8       14         0
                text29                             1DEE     1DEE        C         0
                text28                             18F8     18F8       74         0
                text27                             196C     196C       64         0
                text26                             1D24     1D24       18         0
                text25                             1E2C     1E2C        A         0
                text24                             1462     1462      186         0
                text23                             1B30     1B30       48         0
                text22                             1AE0     1AE0       50         0
                text21                             1DE2     1DE2        C         0
                text20                             1E22     1E22        A         0
                text19                             1E18     1E18        A         0
                text18                             1E0E     1E0E        A         0
                text17                             1B78     1B78       3E         0
                text16                             1E48     1E48        4         0
                text15                             1D0C     1D0C       18         0
                text14                             1E04     1E04        A         0
                text13                             1882     1882       76         0
                text12                             1CF0     1CF0       1C         0
                text11                             1D52     1D52       16         0
                text10                             1D3C     1D3C       16         0
                text9                              1DFA     1DFA        A         0
                text8                              1BB6     1BB6       3A         0
                text7                              1CD2     1CD2       1E         0
                text6                              1C4E     1C4E       2E         0
                text5                              1C20     1C20       2E         0
                text4                               F14      F14      39A         0
                text3                              15E8     15E8      106         0
                text2                              12AE     12AE      1B4         0
                text1                              16EE     16EE       A4         0
                text0                              1A88     1A88       58         0
                cinit                              1D94     1D94       14         0

        CLASS   CONST          

        CLASS   SMALLCONST     
                smallconst                          F00      F00       14         0

        CLASS   MEDIUMCONST    

        CLASS   COMRAM         
                temp                                 4D       4D        1         1
                cstackCOMRAM                          1        1       3B         1
                bssCOMRAM                            48       48        5         1
                nvCOMRAM                             3C       3C        C         1

        CLASS   ABS1           

        CLASS   BIGRAM         

        CLASS   RAM            

        CLASS   BANK0          

        CLASS   BANK1          

        CLASS   BANK2          

        CLASS   BANK3          

        CLASS   BANK4          

        CLASS   BANK5          

        CLASS   BANK6          

        CLASS   BANK7          

        CLASS   BANK8          

        CLASS   BANK9          

        CLASS   BANK10         

        CLASS   BANK11         

        CLASS   BANK12         

        CLASS   BANK13         

        CLASS   BANK14         

        CLASS   SFR            

        CLASS   BIGSFR         

        CLASS   CONFIG         
                config                           300000   300000        C         4

        CLASS   IDLOC          
                idloc                            200000   200000       10         5

        CLASS   EEDATA         

        CLASS   FARRAM         

        CLASS   HEAP           

        CLASS   STACK          



SEGMENTS        Name                           Load    Length   Top    Selector   Space  Class

                reset_vec                      000000  000004  000004         0       0  CODE    
                cstackCOMRAM                   000001  00004D  00004E         1       1  COMRAM  
                intcode                        000008  000066  00006E         4       0  CODE    
                smallconst                     000F00  000014  000F14       780       0  SMALLCON
                text4                          000F14  000F3C  001E50       78A       0  CODE    


UNUSED ADDRESS RANGES

        Name                Unused          Largest block    Delta
        BANK0            000060-0000FF               A0
        BANK1            000100-0001FF              100
        BANK10           000A00-000AFF              100
        BANK11           000B00-000BFF              100
        BANK12           000C00-000CFF              100
        BANK13           000D00-000DFF              100
        BANK14           000E00-000E87               88
        BANK2            000200-0002FF              100
        BANK3            000300-0003FF              100
        BANK4            000400-0004FF              100
        BANK5            000500-0005FF              100
        BANK6            000600-0006FF              100
        BANK7            000700-0007FF              100
        BANK8            000800-0008FF              100
        BANK9            000900-0009FF              100
        BIGRAM           00004E-000E87              E3A
        BIGSFR           000E8D-000FFF              173
        CODE             000004-000007                4
                         00006E-000EFF              E92
                         001E50-00FFFF             E1B0
        COMRAM           00004E-00005F               12
        CONST            000004-000007                4
                         00006E-000EFF              E92
                         001E50-00FFFF             E1B0
        EEDATA           310000-3103FF              400
        MEDIUMCONST      001E50-00FFFF             E1B0
        RAM              000060-000E87              100
        SFR              000E8D-000FFF               73
        SMALLCONST       001E50-00FFFF              100

                                  Symbol Table

?_ADCC_GetConversionResult                      cstackCOMRAM 000007
?___fldiv                                       cstackCOMRAM 000015
?___fltol                                       cstackCOMRAM 00002E
?___lwdiv                                       cstackCOMRAM 000007
?___lwmod                                       cstackCOMRAM 00000E
?___xxtofl                                      cstackCOMRAM 000007
?_printf                                        cstackCOMRAM 000013
ADCC_StartConversion@channel                    cstackCOMRAM 000007
EUSART1_SetErrorHandler@interruptHandler        cstackCOMRAM 000007
EUSART1_SetFramingErrorHandler@interruptHandler cstackCOMRAM 000007
EUSART1_SetOverrunErrorHandler@interruptHandler cstackCOMRAM 000007
EUSART1_Write@txData                            cstackCOMRAM 000007
IOCBF4_SetInterruptHandler@InterruptHandler     cstackCOMRAM 000007
Luminosidade@luz                                cstackCOMRAM 00001F
PWM1_LoadDutyValue@dutyValue                    cstackCOMRAM 000007
TMR0_SetInterruptHandler@InterruptHandler       cstackCOMRAM 000007
Temperatura@sensor_value                        cstackCOMRAM 000038
_ADACCH                                         (abs)        000F71
_ADACCL                                         (abs)        000F70
_ADACQ                                          (abs)        000F5C
_ADACT                                          (abs)        000F56
_ADCAP                                          (abs)        000F5D
_ADCC_DischargeSampleCapacitor                  text32       001E40
_ADCC_GetConversionResult                       text31       001DBC
_ADCC_Initialize                                text22       001AE0
_ADCC_IsConversionDone                          text30       001DA8
_ADCC_StartConversion                           text29       001DEE
_ADCLK                                          (abs)        000F57
_ADCNT                                          (abs)        000F67
_ADCON0                                         (abs)        000F60
_ADCON0bits                                     (abs)        000F60
_ADCON1                                         (abs)        000F59
_ADCON1bits                                     (abs)        000F59
_ADCON2                                         (abs)        000F5A
_ADCON2bits                                     (abs)        000F5A
_ADCON3                                         (abs)        000F5B
_ADCON3bits                                     (abs)        000F5B
_ADERRH                                         (abs)        000F6F
_ADERRL                                         (abs)        000F6E
_ADFLTRH                                        (abs)        000F73
_ADFLTRL                                        (abs)        000F72
_ADLTHH                                         (abs)        000F6B
_ADLTHL                                         (abs)        000F6A
_ADPCH                                          (abs)        000F5F
_ADPRE                                          (abs)        000F5E
_ADPREVH                                        (abs)        000F62
_ADPREVL                                        (abs)        000F61
_ADREF                                          (abs)        000F58
_ADRESH                                         (abs)        000F64
_ADRESL                                         (abs)        000F63
_ADRPT                                          (abs)        000F66
_ADSTAT                                         (abs)        000F65
_ADSTATbits                                     (abs)        000F65
_ADSTPTH                                        (abs)        000F69
_ADSTPTL                                        (abs)        000F68
_ADUTHH                                         (abs)        000F6D
_ADUTHL                                         (abs)        000F6C
_ANSELA                                         (abs)        000F11
_ANSELB                                         (abs)        000F19
_ANSELC                                         (abs)        000F21
_Alarme_Luminosidade                            text36       0019D0
_Alarme_Temperatura                             text35       001792
_BAUD1CON                                       (abs)        000F9F
_CCP1CON                                        (abs)        000FAC
_CCP1CONbits                                    (abs)        000FAC
_CCP2CON                                        (abs)        000FA8
_CCP2CONbits                                    (abs)        000FA8
_CCPR1H                                         (abs)        000FAB
_CCPR1L                                         (abs)        000FAA
_CCPR2H                                         (abs)        000FA7
_CCPR2L                                         (abs)        000FA6
_CCPTMRSbits                                    (abs)        000FAE
_DAC1CON0                                       (abs)        000F33
_DAC1CON1                                       (abs)        000F34
_DAC1_Initialize                                text21       001DE2
_EUSART1_DefaultErrorHandler                    (abs)        000000
_EUSART1_DefaultFramingErrorHandler             (abs)        000000
_EUSART1_DefaultOverrunErrorHandler             (abs)        000000
_EUSART1_ErrorHandler                           nvCOMRAM     00003C
_EUSART1_FramingErrorHandler                    nvCOMRAM     000040
_EUSART1_Initialize                             text17       001B78
_EUSART1_OverrunErrorHandler                    nvCOMRAM     00003E
_EUSART1_Read                                   text34       001CA8
_EUSART1_SetErrorHandler                        text20       001E22
_EUSART1_SetFramingErrorHandler                 text19       001E18
_EUSART1_SetOverrunErrorHandler                 text18       001E0E
_EUSART1_Write                                  text26       001D24
_EUSART1_is_rx_ready                            text33       001D68
_INLVLA                                         (abs)        000F0D
_INLVLB                                         (abs)        000F15
_INLVLC                                         (abs)        000F1D
_INLVLE                                         (abs)        000F2A
_INTCONbits                                     (abs)        000FF2
_INTERRUPT_Initialize                           text16       001E48
_INTERRUPT_InterruptManager                     intcode      000008
_IOCBF4_DefaultInterruptHandler                 text46       001E4E
_IOCBF4_ISR                                     text45       001BF0
_IOCBF4_InterruptHandler                        nvCOMRAM     000046
_IOCBF4_SetInterruptHandler                     text14       001E04
_IOCBFbits                                      (abs)        000F12
_IOCBNbits                                      (abs)        000F13
_IOCBPbits                                      (abs)        000F14
_LATA                                           (abs)        000F83
_LATAbits                                       (abs)        000F83
_LATB                                           (abs)        000F84
_LATC                                           (abs)        000F85
_LATCbits                                       (abs)        000F85
_Luminosidade                                   text23       001B30
_ODCONA                                         (abs)        000F0F
_ODCONB                                         (abs)        000F17
_ODCONC                                         (abs)        000F1F
_OSCCON1                                        (abs)        000ED8
_OSCCON3                                        (abs)        000EDA
_OSCEN                                          (abs)        000EDC
_OSCFRQ                                         (abs)        000EDE
_OSCILLATOR_Initialize                          text15       001D0C
_OSCTUNE                                        (abs)        000EDD
_PIE0bits                                       (abs)        000EC2
_PIN_MANAGER_IOC                                text44       001D7E
_PIN_MANAGER_Initialize                         text13       001882
_PIR0bits                                       (abs)        000ECA
_PIR3bits                                       (abs)        000ECD
_PIR4bits                                       (abs)        000ECE
_PMD0                                           (abs)        000EE1
_PMD1                                           (abs)        000EE2
_PMD2                                           (abs)        000EE3
_PMD3                                           (abs)        000EE4
_PMD4                                           (abs)        000EE5
_PMD5                                           (abs)        000EE6
_PMD_Initialize                                 text12       001CF0
_PR2                                            (abs)        000FBC
_PWM1_Initialize                                text11       001D52
_PWM1_LoadDutyValue                             text5        001C20
_PWM2_Initialize                                text10       001D3C
_RB5PPS                                         (abs)        000EF4
_RC1REG                                         (abs)        000F99
_RC1STA                                         (abs)        000F9D
_RC1STAbits                                     (abs)        000F9D
_RC6PPS                                         (abs)        000EFD
_RX1PPS                                         (abs)        000EB5
_SLRCONA                                        (abs)        000F0E
_SLRCONB                                        (abs)        000F16
_SLRCONC                                        (abs)        000F1E
_SP1BRGH                                        (abs)        000F9C
_SP1BRGL                                        (abs)        000F9B
_SYSTEM_Initialize                              text6        001C4E
_T0CON0                                         (abs)        000FD5
_T0CON0bits                                     (abs)        000FD5
_T0CON1                                         (abs)        000FD6
_T2CLKCON                                       (abs)        000FBF
_T2CON                                          (abs)        000FBD
_T2CONbits                                      (abs)        000FBD
_T2HLT                                          (abs)        000FBE
_T2HLTbits                                      (abs)        000FBE
_T2PR                                           (abs)        000FBC
_T2RST                                          (abs)        000FC0
_T2RSTbits                                      (abs)        000FC0
_T2TMR                                          (abs)        000FBB
_TMR0H                                          (abs)        000FD4
_TMR0L                                          (abs)        000FD3
_TMR0_CallBack                                  text39       001C7C
_TMR0_DefaultInterruptHandler                   text40       001E4C
_TMR0_ISR                                       text38       001DD0
_TMR0_Initialize                                text8        001BB6
_TMR0_InterruptHandler                          nvCOMRAM     000042
_TMR0_SetInterruptHandler                       text9        001DFA
_TMR2                                           (abs)        000FBB
_TMR2_Initialize                                text7        001CD2
_TRISA                                          (abs)        000F88
_TRISB                                          (abs)        000F89
_TRISC                                          (abs)        000F8A
_TX1REG                                         (abs)        000F9A
_TX1STA                                         (abs)        000F9E
_TX1STAbits                                     (abs)        000F9E
_Temperatura                                    text1        0016EE
_WPUA                                           (abs)        000F10
_WPUB                                           (abs)        000F18
_WPUC                                           (abs)        000F20
_WPUE                                           (abs)        000F2D
__HRAM                                          (abs)        000000
__Habs1                                         abs1         000000
__Hbank0                                        bank0        000000
__Hbank1                                        bank1        000000
__Hbank10                                       bank10       000000
__Hbank11                                       bank11       000000
__Hbank12                                       bank12       000000
__Hbank13                                       bank13       000000
__Hbank14                                       bank14       000000
__Hbank2                                        bank2        000000
__Hbank3                                        bank3        000000
__Hbank4                                        bank4        000000
__Hbank5                                        bank5        000000
__Hbank6                                        bank6        000000
__Hbank7                                        bank7        000000
__Hbank8                                        bank8        000000
__Hbank9                                        bank9        000000
__Hbigbss                                       bigbss       000000
__Hbigdata                                      bigdata      000000
__Hbigram                                       bigram       000000
__Hbigsfr                                       bigsfr       000000
__Hbss                                          bss          000000
__HbssCOMRAM                                    bssCOMRAM    000000
__Hcinit                                        cinit        000000
__Hclrtext                                      clrtext      000000
__Hcode                                         code         000000
__Hcomram                                       comram       000000
__Hconfig                                       config       30000C
__Hconst                                        const        000000
__HcstackCOMRAM                                 cstackCOMRAM 000000
__Hdata                                         data         000000
__Hedata                                        edata        000000
__Heeprom_data                                  eeprom_data  000000
__Hfarbss                                       farbss       000000
__Hfardata                                      fardata      000000
__Hheap                                         heap         000000
__Hibigdata                                     ibigdata     000000
__Hidata                                        idata        000000
__Hidloc                                        idloc        200010
__Hifardata                                     ifardata     000000
__Hinit                                         init         00006E
__Hintcode                                      intcode      000064
__Hintcode_body                                 intcode_body 000000
__Hintcodelo                                    intcodelo    000064
__Hintentry                                     intentry     000000
__Hintret                                       intret       000000
__Hintsave_regs                                 intsave_regs 000000
__Hirdata                                       irdata       000000
__Hmediumconst                                  mediumconst  000000
__HnvCOMRAM                                     nvCOMRAM     000000
__HnvFARRAM                                     nvFARRAM     000000
__Hnvbit                                        nvbit        000000
__Hnvrram                                       nvrram       000000
__Hparam                                        rparam       000000
__Hpowerup                                      powerup      00006A
__Hram                                          ram          000000
__Hramtop                                       ramtop       000F00
__Hrbit                                         rbit         000000
__Hrbss                                         rbss         000000
__Hrdata                                        rdata        000000
__Hreset_vec                                    reset_vec    000004
__Hrparam                                       rparam       000000
__Hsfr                                          sfr          000000
__Hsmallconst                                   smallconst   000F14
__Hspace_0                                      (abs)        001E50
__Hspace_1                                      (abs)        00004E
__Hspace_2                                      (abs)        000000
__Hspace_3                                      (abs)        000000
__Hspace_4                                      (abs)        60000C
__Hstack                                        stack        000000
__Hstruct                                       struct       000000
__Htemp                                         temp         00004E
__Htext                                         text         000000
__Htext0                                        text0        000000
__Htext1                                        text1        000000
__Htext10                                       text10       000000
__Htext11                                       text11       000000
__Htext12                                       text12       000000
__Htext13                                       text13       000000
__Htext14                                       text14       000000
__Htext15                                       text15       000000
__Htext16                                       text16       000000
__Htext17                                       text17       000000
__Htext18                                       text18       000000
__Htext19                                       text19       000000
__Htext2                                        text2        000000
__Htext20                                       text20       000000
__Htext21                                       text21       000000
__Htext22                                       text22       000000
__Htext23                                       text23       000000
__Htext24                                       text24       000000
__Htext25                                       text25       000000
__Htext26                                       text26       000000
__Htext27                                       text27       000000
__Htext28                                       text28       000000
__Htext29                                       text29       000000
__Htext3                                        text3        000000
__Htext30                                       text30       000000
__Htext31                                       text31       000000
__Htext32                                       text32       000000
__Htext33                                       text33       000000
__Htext34                                       text34       000000
__Htext35                                       text35       000000
__Htext36                                       text36       000000
__Htext38                                       text38       000000
__Htext39                                       text39       000000
__Htext4                                        text4        000000
__Htext40                                       text40       000000
__Htext41                                       text41       000000
__Htext42                                       text42       000000
__Htext43                                       text43       000000
__Htext44                                       text44       000000
__Htext45                                       text45       000000
__Htext46                                       text46       000000
__Htext47                                       text47       000000
__Htext5                                        text5        000000
__Htext6                                        text6        000000
__Htext7                                        text7        000000
__Htext8                                        text8        000000
__Htext9                                        text9        000000
__Hudata                                        udata        000000
__Hudata_acs                                    udata_acs    000000
__Hudata_bank0                                  udata_bank0  000000
__Hudata_bank1                                  udata_bank1  000000
__Hudata_bank10                                 udata_bank10 000000
__Hudata_bank11                                 udata_bank11 000000
__Hudata_bank12                                 udata_bank12 000000
__Hudata_bank13                                 udata_bank13 000000
__Hudata_bank14                                 udata_bank14 000000
__Hudata_bank2                                  udata_bank2  000000
__Hudata_bank3                                  udata_bank3  000000
__Hudata_bank4                                  udata_bank4  000000
__Hudata_bank5                                  udata_bank5  000000
__Hudata_bank6                                  udata_bank6  000000
__Hudata_bank7                                  udata_bank7  000000
__Hudata_bank8                                  udata_bank8  000000
__Hudata_bank9                                  udata_bank9  000000
__LRAM                                          (abs)        000001
__Labs1                                         abs1         000000
__Lbank0                                        bank0        000000
__Lbank1                                        bank1        000000
__Lbank10                                       bank10       000000
__Lbank11                                       bank11       000000
__Lbank12                                       bank12       000000
__Lbank13                                       bank13       000000
__Lbank14                                       bank14       000000
__Lbank2                                        bank2        000000
__Lbank3                                        bank3        000000
__Lbank4                                        bank4        000000
__Lbank5                                        bank5        000000
__Lbank6                                        bank6        000000
__Lbank7                                        bank7        000000
__Lbank8                                        bank8        000000
__Lbank9                                        bank9        000000
__Lbigbss                                       bigbss       000000
__Lbigdata                                      bigdata      000000
__Lbigram                                       bigram       000000
__Lbigsfr                                       bigsfr       000000
__Lbss                                          bss          000000
__LbssCOMRAM                                    bssCOMRAM    000000
__Lcinit                                        cinit        000000
__Lclrtext                                      clrtext      000000
__Lcode                                         code         000000
__Lcomram                                       comram       000000
__Lconfig                                       config       000000
__Lconst                                        const        000000
__LcstackCOMRAM                                 cstackCOMRAM 000000
__Ldata                                         data         000000
__Ledata                                        edata        000000
__Leeprom_data                                  eeprom_data  000000
__Lfarbss                                       farbss       000000
__Lfardata                                      fardata      000000
__Lheap                                         heap         000000
__Libigdata                                     ibigdata     000000
__Lidata                                        idata        000000
__Lidloc                                        idloc        000000
__Lifardata                                     ifardata     000000
__Linit                                         init         00006A
__Lintcode                                      intcode      000008
__Lintcode_body                                 intcode_body 000000
__Lintcodelo                                    intcodelo    000064
__Lintentry                                     intentry     000000
__Lintret                                       intret       000000
__Lintsave_regs                                 intsave_regs 000000
__Lirdata                                       irdata       000000
__Lmediumconst                                  mediumconst  000000
__LnvCOMRAM                                     nvCOMRAM     000000
__LnvFARRAM                                     nvFARRAM     000000
__Lnvbit                                        nvbit        000000
__Lnvrram                                       nvrram       000000
__Lparam                                        rparam       000000
__Lpowerup                                      powerup      000064
__Lram                                          ram          000000
__Lramtop                                       ramtop       000F00
__Lrbit                                         rbit         000000
__Lrbss                                         rbss         000000
__Lrdata                                        rdata        000000
__Lreset_vec                                    reset_vec    000000
__Lrparam                                       rparam       000000
__Lsfr                                          sfr          000000
__Lsmallconst                                   smallconst   000F00
__Lspace_0                                      (abs)        000000
__Lspace_1                                      (abs)        000000
__Lspace_2                                      (abs)        000000
__Lspace_3                                      (abs)        000000
__Lspace_4                                      (abs)        000000
__Lstack                                        stack        000000
__Lstruct                                       struct       000000
__Ltemp                                         temp         00004D
__Ltext                                         text         000000
__Ltext0                                        text0        000000
__Ltext1                                        text1        000000
__Ltext10                                       text10       000000
__Ltext11                                       text11       000000
__Ltext12                                       text12       000000
__Ltext13                                       text13       000000
__Ltext14                                       text14       000000
__Ltext15                                       text15       000000
__Ltext16                                       text16       000000
__Ltext17                                       text17       000000
__Ltext18                                       text18       000000
__Ltext19                                       text19       000000
__Ltext2                                        text2        000000
__Ltext20                                       text20       000000
__Ltext21                                       text21       000000
__Ltext22                                       text22       000000
__Ltext23                                       text23       000000
__Ltext24                                       text24       000000
__Ltext25                                       text25       000000
__Ltext26                                       text26       000000
__Ltext27                                       text27       000000
__Ltext28                                       text28       000000
__Ltext29                                       text29       000000
__Ltext3                                        text3        000000
__Ltext30                                       text30       000000
__Ltext31                                       text31       000000
__Ltext32                                       text32       000000
__Ltext33                                       text33       000000
__Ltext34                                       text34       000000
__Ltext35                                       text35       000000
__Ltext36                                       text36       000000
__Ltext38                                       text38       000000
__Ltext39                                       text39       000000
__Ltext4                                        text4        000000
__Ltext40                                       text40       000000
__Ltext41                                       text41       000000
__Ltext42                                       text42       000000
__Ltext43                                       text43       000000
__Ltext44                                       text44       000000
__Ltext45                                       text45       000000
__Ltext46                                       text46       000000
__Ltext47                                       text47       000000
__Ltext5                                        text5        000000
__Ltext6                                        text6        000000
__Ltext7                                        text7        000000
__Ltext8                                        text8        000000
__Ltext9                                        text9        000000
__Ludata                                        udata        000000
__Ludata_acs                                    udata_acs    000000
__Ludata_bank0                                  udata_bank0  000000
__Ludata_bank1                                  udata_bank1  000000
__Ludata_bank10                                 udata_bank10 000000
__Ludata_bank11                                 udata_bank11 000000
__Ludata_bank12                                 udata_bank12 000000
__Ludata_bank13                                 udata_bank13 000000
__Ludata_bank14                                 udata_bank14 000000
__Ludata_bank2                                  udata_bank2  000000
__Ludata_bank3                                  udata_bank3  000000
__Ludata_bank4                                  udata_bank4  000000
__Ludata_bank5                                  udata_bank5  000000
__Ludata_bank6                                  udata_bank6  000000
__Ludata_bank7                                  udata_bank7  000000
__Ludata_bank8                                  udata_bank8  000000
__Ludata_bank9                                  udata_bank9  000000
__S0                                            (abs)        001E50
__S1                                            (abs)        00004E
__S3                                            (abs)        000000
__S4                                            (abs)        000000
__S5                                            (abs)        000000
___fldiv                                        text4        000F14
___fldiv@a                                      cstackCOMRAM 000019
___fldiv@aexp                                   cstackCOMRAM 00002D
___fldiv@b                                      cstackCOMRAM 000015
___fldiv@bexp                                   cstackCOMRAM 00002C
___fldiv@grs                                    cstackCOMRAM 000028
___fldiv@new_exp                                cstackCOMRAM 000026
___fldiv@rem                                    cstackCOMRAM 000021
___fldiv@sign                                   cstackCOMRAM 000025
___fltol                                        text3        0015E8
___fltol@exp1                                   cstackCOMRAM 000037
___fltol@f1                                     cstackCOMRAM 00002E
___fltol@sign1                                  cstackCOMRAM 000036
___heap_hi                                      (abs)        000000
___heap_lo                                      (abs)        000000
___inthi_sp                                     stack        000000
___intlo_sp                                     stack        000000
___lwdiv                                        text28       0018F8
___lwdiv@counter                                cstackCOMRAM 00000D
___lwdiv@dividend                               cstackCOMRAM 000007
___lwdiv@divisor                                cstackCOMRAM 000009
___lwdiv@quotient                               cstackCOMRAM 00000B
___lwmod                                        text27       00196C
___lwmod@counter                                cstackCOMRAM 000012
___lwmod@dividend                               cstackCOMRAM 00000E
___lwmod@divisor                                cstackCOMRAM 000010
___param_bank                                   (abs)        000000
___rparam_used                                  (abs)        000001
___sp                                           stack        000000
___xxtofl                                       text2        0012AE
___xxtofl@arg                                   cstackCOMRAM 000011
___xxtofl@exp                                   cstackCOMRAM 000010
___xxtofl@sign                                  cstackCOMRAM 00000F
___xxtofl@val                                   cstackCOMRAM 000007
__accesstop                                     (abs)        000060
__activetblptr                                  (abs)        000003
__end_of_ADCC_DischargeSampleCapacitor          text32       001E48
__end_of_ADCC_GetConversionResult               text31       001DD0
__end_of_ADCC_Initialize                        text22       001B30
__end_of_ADCC_IsConversionDone                  text30       001DBC
__end_of_ADCC_StartConversion                   text29       001DFA
__end_of_Alarme_Luminosidade                    text36       001A2C
__end_of_Alarme_Temperatura                     text35       00180A
__end_of_DAC1_Initialize                        text21       001DEE
__end_of_EUSART1_Initialize                     text17       001BB6
__end_of_EUSART1_Read                           text34       001CD2
__end_of_EUSART1_SetErrorHandler                text20       001E2C
__end_of_EUSART1_SetFramingErrorHandler         text19       001E22
__end_of_EUSART1_SetOverrunErrorHandler         text18       001E18
__end_of_EUSART1_Write                          text26       001D3C
__end_of_EUSART1_is_rx_ready                    text33       001D7E
__end_of_INTERRUPT_Initialize                   text16       001E4C
__end_of_INTERRUPT_InterruptManager             intcode      000064
__end_of_IOCBF4_DefaultInterruptHandler         text46       001E50
__end_of_IOCBF4_ISR                             text45       001C20
__end_of_IOCBF4_SetInterruptHandler             text14       001E0E
__end_of_Luminosidade                           text23       001B78
__end_of_OSCILLATOR_Initialize                  text15       001D24
__end_of_PIN_MANAGER_IOC                        text44       001D94
__end_of_PIN_MANAGER_Initialize                 text13       0018F8
__end_of_PMD_Initialize                         text12       001D0C
__end_of_PWM1_Initialize                        text11       001D68
__end_of_PWM1_LoadDutyValue                     text5        001C4E
__end_of_PWM2_Initialize                        text10       001D52
__end_of_SYSTEM_Initialize                      text6        001C7C
__end_of_TMR0_CallBack                          text39       001CA8
__end_of_TMR0_DefaultInterruptHandler           text40       001E4E
__end_of_TMR0_ISR                               text38       001DE2
__end_of_TMR0_Initialize                        text8        001BF0
__end_of_TMR0_SetInterruptHandler               text9        001E04
__end_of_TMR2_Initialize                        text7        001CF0
__end_of_Temperatura                            text1        001792
__end_of___fldiv                                text4        0012AE
__end_of___fltol                                text3        0016EE
__end_of___lwdiv                                text28       00196C
__end_of___lwmod                                text27       0019D0
__end_of___xxtofl                               text2        001462
__end_of__initialization                        cinit        001D9E
__end_of_dpowers                                smallconst   000F0B
__end_of_main                                   text0        001AE0
__end_of_myTimer0ISR                            text41       001E40
__end_of_printf                                 text24       0015E8
__end_of_putch                                  text25       001E36
__end_ofi2_Alarme_Luminosidade                  text43       001A88
__end_ofi2_Alarme_Temperatura                   text42       001882
__initialization                                cinit        001D94
__mediumconst                                   mediumconst  000000
__pbssCOMRAM                                    bssCOMRAM    000048
__pcinit                                        cinit        001D94
__pcstackCOMRAM                                 cstackCOMRAM 000001
__pintcode                                      intcode      000008
__pnvCOMRAM                                     nvCOMRAM     00003C
__psmallconst                                   smallconst   000F00
__ptext0                                        text0        001A88
__ptext1                                        text1        0016EE
__ptext10                                       text10       001D3C
__ptext11                                       text11       001D52
__ptext12                                       text12       001CF0
__ptext13                                       text13       001882
__ptext14                                       text14       001E04
__ptext15                                       text15       001D0C
__ptext16                                       text16       001E48
__ptext17                                       text17       001B78
__ptext18                                       text18       001E0E
__ptext19                                       text19       001E18
__ptext2                                        text2        0012AE
__ptext20                                       text20       001E22
__ptext21                                       text21       001DE2
__ptext22                                       text22       001AE0
__ptext23                                       text23       001B30
__ptext24                                       text24       001462
__ptext25                                       text25       001E2C
__ptext26                                       text26       001D24
__ptext27                                       text27       00196C
__ptext28                                       text28       0018F8
__ptext29                                       text29       001DEE
__ptext3                                        text3        0015E8
__ptext30                                       text30       001DA8
__ptext31                                       text31       001DBC
__ptext32                                       text32       001E40
__ptext33                                       text33       001D68
__ptext34                                       text34       001CA8
__ptext35                                       text35       001792
__ptext36                                       text36       0019D0
__ptext38                                       text38       001DD0
__ptext39                                       text39       001C7C
__ptext4                                        text4        000F14
__ptext40                                       text40       001E4C
__ptext41                                       text41       001E36
__ptext42                                       text42       00180A
__ptext43                                       text43       001A2C
__ptext44                                       text44       001D7E
__ptext45                                       text45       001BF0
__ptext46                                       text46       001E4E
__ptext47                                       text47       000000
__ptext5                                        text5        001C20
__ptext6                                        text6        001C4E
__ptext7                                        text7        001CD2
__ptext8                                        text8        001BB6
__ptext9                                        text9        001DFA
__ramtop                                        ramtop       000F00
__smallconst                                    smallconst   000F00
_dpowers                                        smallconst   000F01
_eusart1RxLastError                             bssCOMRAM    00004C
_luminosidade                                   bssCOMRAM    000048
_main                                           text0        001A88
_myTimer0ISR                                    text41       001E36
_printf                                         text24       001462
_putch                                          text25       001E2C
_temperatura                                    bssCOMRAM    00004A
_timer0ReloadVal16bit                           nvCOMRAM     000044
btemp                                           temp         00004D
end_of_initialization                           cinit        001D9E
i2_Alarme_Luminosidade                          text43       001A2C
i2_Alarme_Temperatura                           text42       00180A
int$flags                                       temp         00004D
intlevel0                                       text         000000
intlevel1                                       text         000000
intlevel2                                       text         000000
intlevel3                                       text         000000
isa$std                                         (abs)        000001
isa$xinst                                       (abs)        000000
main@ch                                         cstackCOMRAM 00003B
powerup                                         powerup      000064
printf@ap                                       cstackCOMRAM 000018
printf@c                                        cstackCOMRAM 00001E
printf@f                                        cstackCOMRAM 000013
printf@flag                                     cstackCOMRAM 00001A
printf@prec                                     cstackCOMRAM 00001B
printf@val                                      cstackCOMRAM 00001C
putch@txData                                    cstackCOMRAM 000008
stackhi                                         (abs)        000000
stacklo                                         (abs)        000000
start                                           init         00006A
start_initialization                            cinit        001D94
ttemp5                                          temp         00004E
ttemp6                                          temp         000051
ttemp7                                          temp         000055
wtemp8                                          temp         00004E


MODULE INFORMATION

Module		Function		Class		Link	Load	Size
C:\Program Files\Microchip\xc8\v2.36\pic\sources\c90\common\doprnt.c
		_printf        		CODE           	1462	0000	390

C:\Program Files\Microchip\xc8\v2.36\pic\sources\c90\common\doprnt.c estimated size: 390

C:\Program Files\Microchip\xc8\v2.36\pic\sources\c90\common\lwmod.c
		___lwmod       		CODE           	196C	0000	100

C:\Program Files\Microchip\xc8\v2.36\pic\sources\c90\common\lwmod.c estimated size: 100

mcc_generated_files/tmr2.c
		_TMR2_Initialize		CODE           	1CD2	0000	30

mcc_generated_files/tmr2.c estimated size: 30

mcc_generated_files/interrupt_manager.c
		_INTERRUPT_Initialize		CODE           	1E48	0000	4
		_INTERRUPT_InterruptManager		CODE           	0008	0000	92

mcc_generated_files/interrupt_manager.c estimated size: 96

mcc_generated_files/pwm2.c
		_PWM2_Initialize		CODE           	1D3C	0000	22

mcc_generated_files/pwm2.c estimated size: 22

mcc_generated_files/tmr0.c
		_TMR0_SetInterruptHandler		CODE           	1DFA	0000	10
		_TMR0_DefaultInterruptHandler		CODE           	1E4C	0000	2
		_TMR0_CallBack 		CODE           	1C7C	0000	44
		_TMR0_ISR      		CODE           	1DD0	0000	18
		_TMR0_Initialize		CODE           	1BB6	0000	58

mcc_generated_files/tmr0.c estimated size: 132

mcc_generated_files/pin_manager.c
		_PIN_MANAGER_Initialize		CODE           	1882	0000	118
		_IOCBF4_DefaultInterruptHandler		CODE           	1E4E	0000	2
		_IOCBF4_ISR    		CODE           	1BF0	0000	48
		_PIN_MANAGER_IOC		CODE           	1D7E	0000	22
		_IOCBF4_SetInterruptHandler		CODE           	1E04	0000	10

mcc_generated_files/pin_manager.c estimated size: 200

C:\Program Files\Microchip\xc8\v2.36\pic\sources\c90\common\lwdiv.c
		___lwdiv       		CODE           	18F8	0000	116

C:\Program Files\Microchip\xc8\v2.36\pic\sources\c90\common\lwdiv.c estimated size: 116

C:\Program Files\Microchip\xc8\v2.36\pic\sources\c90\common\fltol.c
		___fltol       		CODE           	15E8	0000	262

C:\Program Files\Microchip\xc8\v2.36\pic\sources\c90\common\fltol.c estimated size: 262

C:\Program Files\Microchip\xc8\v2.36\pic\sources\c90\common\sprcdiv.c
		___fldiv       		CODE           	0F14	0000	922

C:\Program Files\Microchip\xc8\v2.36\pic\sources\c90\common\sprcdiv.c estimated size: 922

shared
		_dpowers       		SMALLCONST     	0F01	0000	10
		i2_Alarme_Luminosidade		CODE           	1A2C	0000	92
		__initialization		CODE           	1D94	0000	10
		i2_Alarme_Temperatura		CODE           	180A	0000	120

shared estimated size: 232

mcc_generated_files/eusart1.c
		_EUSART1_is_rx_ready		CODE           	1D68	0000	22
		_EUSART1_Initialize		CODE           	1B78	0000	62
		_putch         		CODE           	1E2C	0000	10
		_EUSART1_SetFramingErrorHandler		CODE           	1E18	0000	10
		_EUSART1_Read  		CODE           	1CA8	0000	42
		_EUSART1_SetOverrunErrorHandler		CODE           	1E0E	0000	10
		_EUSART1_SetErrorHandler		CODE           	1E22	0000	10
		_EUSART1_Write 		CODE           	1D24	0000	24

mcc_generated_files/eusart1.c estimated size: 190

mcc_generated_files/mcc.c
		_PMD_Initialize		CODE           	1CF0	0000	28
		_OSCILLATOR_Initialize		CODE           	1D0C	0000	24
		_SYSTEM_Initialize		CODE           	1C4E	0000	46

mcc_generated_files/mcc.c estimated size: 98

C:\Program Files\Microchip\xc8\v2.36\pic\sources\c90\common\xxtofl.c
		___xxtofl      		CODE           	12AE	0000	436

C:\Program Files\Microchip\xc8\v2.36\pic\sources\c90\common\xxtofl.c estimated size: 436

mcc_generated_files/pwm1.c
		_PWM1_Initialize		CODE           	1D52	0000	22
		_PWM1_LoadDutyValue		CODE           	1C20	0000	46

mcc_generated_files/pwm1.c estimated size: 68

mcc_generated_files/dac1.c
		_DAC1_Initialize		CODE           	1DE2	0000	12

mcc_generated_files/dac1.c estimated size: 12

mcc_generated_files/adcc.c
		_ADCC_GetConversionResult		CODE           	1DBC	0000	20
		_ADCC_StartConversion		CODE           	1DEE	0000	12
		_ADCC_Initialize		CODE           	1AE0	0000	80
		_ADCC_DischargeSampleCapacitor		CODE           	1E40	0000	8
		_ADCC_IsConversionDone		CODE           	1DA8	0000	20

mcc_generated_files/adcc.c estimated size: 140

main.c
		_main          		CODE           	1A88	0000	88
		_Luminosidade  		CODE           	1B30	0000	72
		_myTimer0ISR   		CODE           	1E36	0000	10
		_Alarme_Temperatura		CODE           	1792	0000	120
		_Alarme_Luminosidade		CODE           	19D0	0000	92
		_Temperatura   		CODE           	16EE	0000	164

main.c estimated size: 546

